/home/lucas/Projects/openlife/src/libopenlife/simulation.cpp: In constructor ‘objects::Simulation::Simulation(int, double, double)’:
/home/lucas/Projects/openlife/src/libopenlife/simulation.cpp:13:5: error: ‘cout’ is not a member of ‘objects::std’
     std::cout << "creating Simulation" << std::endl;
     ^
/home/lucas/Projects/openlife/src/libopenlife/simulation.cpp:13:5: note: suggested alternative:
In file included from /home/lucas/Projects/openlife/src/libopenlife/cell.hpp:3:0,
                 from /home/lucas/Projects/openlife/src/libopenlife/simulation.hpp:1,
                 from /home/lucas/Projects/openlife/src/libopenlife/simulation.cpp:1:
/usr/include/c++/5/iostream:61:18: note:   ‘std::cout’
   extern ostream cout;  /// Linked to standard output
                  ^
/home/lucas/Projects/openlife/src/libopenlife/simulation.cpp:13:43: error: ‘endl’ is not a member of ‘objects::std’
     std::cout << "creating Simulation" << std::endl;
                                           ^
/home/lucas/Projects/openlife/src/libopenlife/simulation.cpp:13:43: note: suggested alternative:
In file included from /usr/include/c++/5/iostream:39:0,
                 from /home/lucas/Projects/openlife/src/libopenlife/cell.hpp:3,
                 from /home/lucas/Projects/openlife/src/libopenlife/simulation.hpp:1,
                 from /home/lucas/Projects/openlife/src/libopenlife/simulation.cpp:1:
/usr/include/c++/5/ostream:590:5: note:   ‘std::endl’
     endl(basic_ostream<_CharT, _Traits>& __os)
     ^
/home/lucas/Projects/openlife/src/libopenlife/simulation.cpp: At global scope:
/home/lucas/Projects/openlife/src/libopenlife/simulation.cpp:24:25: error: definition of implicitly-declared ‘objects::Simulation::~Simulation()’
 Simulation::~Simulation()
                         ^
/home/lucas/Projects/openlife/src/libopenlife/simulation.cpp: In member function ‘void objects::Simulation::update()’:
/home/lucas/Projects/openlife/src/libopenlife/simulation.cpp:49:5: error: ‘vector’ is not a member of ‘objects::std’
     std::vector<std::shared_ptr<Cell>> new_generation;
     ^
/home/lucas/Projects/openlife/src/libopenlife/simulation.cpp:49:5: note: suggested alternative:
In file included from /usr/include/c++/5/vector:64:0,
                 from /home/lucas/Projects/openlife/src/libopenlife/cell.hpp:2,
                 from /home/lucas/Projects/openlife/src/libopenlife/simulation.hpp:1,
                 from /home/lucas/Projects/openlife/src/libopenlife/simulation.cpp:1:
/usr/include/c++/5/bits/stl_vector.h:214:11: note:   ‘std::vector’
     class vector : protected _Vector_base<_Tp, _Alloc>
           ^
/home/lucas/Projects/openlife/src/libopenlife/simulation.cpp:49:17: error: ‘shared_ptr’ is not a member of ‘objects::std’
     std::vector<std::shared_ptr<Cell>> new_generation;
                 ^
/home/lucas/Projects/openlife/src/libopenlife/simulation.cpp:49:17: note: suggested alternative:
In file included from /usr/include/c++/5/bits/shared_ptr.h:52:0,
                 from /usr/include/c++/5/memory:82,
                 from /home/lucas/Projects/openlife/src/libopenlife/tools.hpp:6,
                 from /home/lucas/Projects/openlife/src/libopenlife/cell.hpp:5,
                 from /home/lucas/Projects/openlife/src/libopenlife/simulation.hpp:1,
                 from /home/lucas/Projects/openlife/src/libopenlife/simulation.cpp:1:
/usr/include/c++/5/bits/shared_ptr_base.h:345:11: note:   ‘std::shared_ptr’
     class shared_ptr;
           ^
/home/lucas/Projects/openlife/src/libopenlife/simulation.cpp:49:37: error: expected primary-expression before ‘>>’ token
     std::vector<std::shared_ptr<Cell>> new_generation;
                                     ^
/home/lucas/Projects/openlife/src/libopenlife/simulation.cpp:49:40: error: ‘new_generation’ was not declared in this scope
     std::vector<std::shared_ptr<Cell>> new_generation;
                                        ^
/home/lucas/Projects/openlife/src/libopenlife/simulation.cpp:72:9: error: ‘string’ is not a member of ‘objects::std’
         std::string count = std::to_string(update_count);
         ^
/home/lucas/Projects/openlife/src/libopenlife/simulation.cpp:72:9: note: suggested alternatives:
In file included from /usr/include/c++/5/iosfwd:39:0,
                 from /usr/include/c++/5/ios:38,
                 from /usr/include/c++/5/ostream:38,
                 from /usr/include/c++/5/iostream:39,
                 from /home/lucas/Projects/openlife/src/libopenlife/cell.hpp:3,
                 from /home/lucas/Projects/openlife/src/libopenlife/simulation.hpp:1,
                 from /home/lucas/Projects/openlife/src/libopenlife/simulation.cpp:1:
/usr/include/c++/5/bits/stringfwd.h:74:33: note:   ‘std::__cxx11::string’
   typedef basic_string<char>    string;   
                                 ^
/usr/include/c++/5/bits/stringfwd.h:74:33: note:   ‘std::__cxx11::string’
/home/lucas/Projects/openlife/src/libopenlife/simulation.cpp:73:22: error: ‘count’ was not declared in this scope
         for (int i = count.size(); i < 5; i++)
                      ^
/home/lucas/Projects/openlife/src/libopenlife/simulation.cpp:77:9: error: ‘string’ is not a member of ‘objects::std’
         std::string filename = "data/simulation_" + count + ".csv";
         ^
/home/lucas/Projects/openlife/src/libopenlife/simulation.cpp:77:9: note: suggested alternatives:
In file included from /usr/include/c++/5/iosfwd:39:0,
                 from /usr/include/c++/5/ios:38,
                 from /usr/include/c++/5/ostream:38,
                 from /usr/include/c++/5/iostream:39,
                 from /home/lucas/Projects/openlife/src/libopenlife/cell.hpp:3,
                 from /home/lucas/Projects/openlife/src/libopenlife/simulation.hpp:1,
                 from /home/lucas/Projects/openlife/src/libopenlife/simulation.cpp:1:
/usr/include/c++/5/bits/stringfwd.h:74:33: note:   ‘std::__cxx11::string’
   typedef basic_string<char>    string;   
                                 ^
/usr/include/c++/5/bits/stringfwd.h:74:33: note:   ‘std::__cxx11::string’
/home/lucas/Projects/openlife/src/libopenlife/simulation.cpp:79:25: error: ‘filename’ was not declared in this scope
         tools::writeCSV(filename, cells);
                         ^
/home/lucas/Projects/openlife/src/libopenlife/simulation.cpp: In member function ‘void objects::Simulation::updateInteractions()’:
/home/lucas/Projects/openlife/src/libopenlife/simulation.cpp:87:5: error: ‘vector’ is not a member of ‘objects::std’
     std::vector<std::shared_ptr<Cell>> remaining;
     ^
/home/lucas/Projects/openlife/src/libopenlife/simulation.cpp:87:5: note: suggested alternative:
In file included from /usr/include/c++/5/vector:64:0,
                 from /home/lucas/Projects/openlife/src/libopenlife/cell.hpp:2,
                 from /home/lucas/Projects/openlife/src/libopenlife/simulation.hpp:1,
                 from /home/lucas/Projects/openlife/src/libopenlife/simulation.cpp:1:
/usr/include/c++/5/bits/stl_vector.h:214:11: note:   ‘std::vector’
     class vector : protected _Vector_base<_Tp, _Alloc>
           ^
/home/lucas/Projects/openlife/src/libopenlife/simulation.cpp:87:17: error: ‘shared_ptr’ is not a member of ‘objects::std’
     std::vector<std::shared_ptr<Cell>> remaining;
                 ^
/home/lucas/Projects/openlife/src/libopenlife/simulation.cpp:87:17: note: suggested alternative:
In file included from /usr/include/c++/5/bits/shared_ptr.h:52:0,
                 from /usr/include/c++/5/memory:82,
                 from /home/lucas/Projects/openlife/src/libopenlife/tools.hpp:6,
                 from /home/lucas/Projects/openlife/src/libopenlife/cell.hpp:5,
                 from /home/lucas/Projects/openlife/src/libopenlife/simulation.hpp:1,
                 from /home/lucas/Projects/openlife/src/libopenlife/simulation.cpp:1:
/usr/include/c++/5/bits/shared_ptr_base.h:345:11: note:   ‘std::shared_ptr’
     class shared_ptr;
           ^
/home/lucas/Projects/openlife/src/libopenlife/simulation.cpp:87:37: error: expected primary-expression before ‘>>’ token
     std::vector<std::shared_ptr<Cell>> remaining;
                                     ^
/home/lucas/Projects/openlife/src/libopenlife/simulation.cpp:87:40: error: ‘remaining’ was not declared in this scope
     std::vector<std::shared_ptr<Cell>> remaining;
                                        ^
/home/lucas/Projects/openlife/src/libopenlife/simulation.cpp:116:21: error: ‘vector’ is not a member of ‘objects::std’
         remaining = std::vector<std::shared_ptr<Cell>>(it + 1, cells.end()); // Slice off the first element of the vector
                     ^
/home/lucas/Projects/openlife/src/libopenlife/simulation.cpp:116:21: note: suggested alternative:
In file included from /usr/include/c++/5/vector:64:0,
                 from /home/lucas/Projects/openlife/src/libopenlife/cell.hpp:2,
                 from /home/lucas/Projects/openlife/src/libopenlife/simulation.hpp:1,
                 from /home/lucas/Projects/openlife/src/libopenlife/simulation.cpp:1:
/usr/include/c++/5/bits/stl_vector.h:214:11: note:   ‘std::vector’
     class vector : protected _Vector_base<_Tp, _Alloc>
           ^
/home/lucas/Projects/openlife/src/libopenlife/simulation.cpp:116:33: error: ‘shared_ptr’ is not a member of ‘objects::std’
         remaining = std::vector<std::shared_ptr<Cell>>(it + 1, cells.end()); // Slice off the first element of the vector
                                 ^
/home/lucas/Projects/openlife/src/libopenlife/simulation.cpp:116:33: note: suggested alternative:
In file included from /usr/include/c++/5/bits/shared_ptr.h:52:0,
                 from /usr/include/c++/5/memory:82,
                 from /home/lucas/Projects/openlife/src/libopenlife/tools.hpp:6,
                 from /home/lucas/Projects/openlife/src/libopenlife/cell.hpp:5,
                 from /home/lucas/Projects/openlife/src/libopenlife/simulation.hpp:1,
                 from /home/lucas/Projects/openlife/src/libopenlife/simulation.cpp:1:
/usr/include/c++/5/bits/shared_ptr_base.h:345:11: note:   ‘std::shared_ptr’
     class shared_ptr;
           ^
/home/lucas/Projects/openlife/src/libopenlife/simulation.cpp:116:53: error: expected primary-expression before ‘>>’ token
         remaining = std::vector<std::shared_ptr<Cell>>(it + 1, cells.end()); // Slice off the first element of the vector
                                                     ^
/home/lucas/Projects/openlife/src/libopenlife/simulation.cpp: At global scope:
/home/lucas/Projects/openlife/src/libopenlife/simulation.cpp:142:6: error: ‘shared_ptr’ in namespace ‘objects::std’ does not name a template type
 std::shared_ptr<Cell> Simulation::_generateRandomCell()
      ^
CMakeFiles/openlife.dir/build.make:134: recipe for target 'CMakeFiles/openlife.dir/src/libopenlife/cell.cpp.o' failed
make[2]: *** [CMakeFiles/openlife.dir/src/libopenlife/cell.cpp.o] Error 1
make[2]: *** Waiting for unfinished jobs....
CMakeFiles/openlife.dir/build.make:86: recipe for target 'CMakeFiles/openlife.dir/src/libopenlife/simulation.cpp.o' failed
make[2]: *** [CMakeFiles/openlife.dir/src/libopenlife/simulation.cpp.o] Error 1
CMakeFiles/Makefile2:141: recipe for target 'CMakeFiles/openlife.dir/all' failed
make[1]: *** [CMakeFiles/openlife.dir/all] Error 2
Makefile:83: recipe for target 'all' failed
make: *** [all] Error 2
chmod: cannot access 'openlifecli': No such file or directory
cp: cannot stat 'openlifecli': No such file or directory
cp: cannot stat 'libopenlife.so': No such file or directory
cp: cannot stat 'openlifegui': No such file or directory
cp: cannot stat 'openlifetests': No such file or directory
chmod: cannot access 'openlifetests': No such file or directory

